Traceback (most recent call last):
  File "/home/rmbb/CUBES/squares/tyrell/spec/parser.py", line 1204, in lex
    for x in l.lex(stream, self.root_lexer.newline_types, self.root_lexer.ignore_types):
  File "/home/rmbb/CUBES/squares/tyrell/spec/parser.py", line 1010, in lex
    raise UnexpectedCharacters(stream, line_ctr.char_pos, line_ctr.line, line_ctr.column, allowed=allowed, state=self.state, token_history=last_token and [last_token])
squares.tyrell.spec.parser.UnexpectedCharacters: No terminal defined for '}' at line 14 col 1

}
^

Expecting: {'STRLIT'}

Previous tokens: Token(LBRACE, '{')


During handling of the above exception, another exception occurred:

Traceback (most recent call last):
  File "./cubes.py", line 89, in <module>
    main()
  File "./cubes.py", line 68, in main
    tyrell_spec = S.parse(repr(specification.dsl))
  File "/home/rmbb/CUBES/squares/tyrell/spec/do_parse.py", line 14, in parse
    parse_tree = parser.parse(input_str)
  File "/home/rmbb/CUBES/squares/tyrell/spec/parser.py", line 2046, in parse
    return self.parser.parse(text, start=start)
  File "/home/rmbb/CUBES/squares/tyrell/spec/parser.py", line 1768, in parse
    return self._parse(token_stream, start, set_parser_state)
  File "/home/rmbb/CUBES/squares/tyrell/spec/parser.py", line 1698, in _parse
    return self.parser.parse(input, start, *args)
  File "/home/rmbb/CUBES/squares/tyrell/spec/parser.py", line 1522, in parse
    return self.parser.parse(*args)
  File "/home/rmbb/CUBES/squares/tyrell/spec/parser.py", line 1570, in parse
    for token in stream:
  File "/home/rmbb/CUBES/squares/tyrell/spec/parser.py", line 1219, in lex
    raise UnexpectedToken(t, e.allowed, state=e.state)
squares.tyrell.spec.parser.UnexpectedToken: Unexpected token Token(RBRACE, '}') at line 14, column 1.
Expected one of: 
	* STRLIT

